// Jest Snapshot v1, https://goo.gl/fbAQLP

exports[`GovCheckboxButton render correctly 1`] = `<div class="control"><label class="gov-checkbox checkbox button is-primary"> <input type="checkbox" value="false"></label></div>`;
