// Jest Snapshot v1, https://goo.gl/fbAQLP

exports[`GovButton render correctly 1`] = `
<button type="button" class="gov-button">
    <!----></button>
`;
