// Jest Snapshot v1, https://goo.gl/fbAQLP

exports[`GovBreadcrumb render correctly 1`] = `<nav class="gov-breadcrumbs"></nav>`;
