// Jest Snapshot v1, https://goo.gl/fbAQLP

exports[`GovField render correctly 1`] = `
<div class="gov-form-control">
    <!---->
    <!---->
</div>
`;
