// Jest Snapshot v1, https://goo.gl/fbAQLP

exports[`GovAccordion default render correctly 1`] = `<div class="gov-accordion"></div>`;
