// Jest Snapshot v1, https://goo.gl/fbAQLP

exports[`BPagination render correctly 1`] = `
<nav class="pagination">
    <bpaginationbutton-stub page="[object Object]" tag="a" disabled="true" class="pagination-previous">
        <gov-icon-stub icon="chevron-left" both="true" aria-hidden="true"></gov-icon-stub>
    </bpaginationbutton-stub>
    <bpaginationbutton-stub page="[object Object]" tag="a" disabled="true" class="pagination-next">
        <gov-icon-stub icon="chevron-right" both="true" aria-hidden="true"></gov-icon-stub>
    </bpaginationbutton-stub>
    <ul class="pagination-list">
        <!---->
        <!---->
        <!---->
        <!---->
    </ul>
</nav>
`;
