// Jest Snapshot v1, https://goo.gl/fbAQLP

exports[`GovSideMenu render correctly 1`] = `<nav class="gov-sidenav"></nav>`;
