// Jest Snapshot v1, https://goo.gl/fbAQLP

exports[`GovBadge render correctly 1`] = `<span class="gov-badge"></span>`;
