// Jest Snapshot v1, https://goo.gl/fbAQLP

exports[`GovRadio render correctly 1`] = `<ul class="gov-form-group"></ul>`;
