// Jest Snapshot v1, https://goo.gl/fbAQLP

exports[`GovMultiselect render correctly 1`] = `
<gov-field>
    <gov-autocomplete data=""></gov-autocomplete>
    <ul class="gov-multiselect__tags"></ul>
</gov-field>
`;
