// Jest Snapshot v1, https://goo.gl/fbAQLP

exports[`GovTable render correctly 1`] = `
<div class="gov-table">
    <!---->
    <!---->
    <div class="table-wrapper has-mobile-cards">
        <table class="table">
            <!---->
            <!---->
            <tbody>
                <tr class="is-empty">
                    <td colspan="0"></td>
                </tr>
            </tbody>
            <!---->
        </table>
        <!---->
    </div>
    <!---->
</div>
`;
